// Jest Snapshot v1, https://goo.gl/fbAQLP

exports[`Home page render correctly 1`] = `
<section
  className="relative py-10 bg-gray-700 dark:bg-gray-900 m-0 overflow-hidden h-screen"
>
  <div
    className="container h-full mx-auto flex items-center justify-center"
  >
    <div
      className="w-full px-14 z-3"
    >
      <h3
        className="leading-snug text-white font-light"
      >
        Hi, I'm
         
        <span
          aria-label="emoji"
          role="img"
        >
          ⛷️
        </span>
      </h3>
      <h1
        className="md:text-5xl text-3xl mb-2 leading-normal font-semibold text-white"
        data-testid="author"
      >
        Test name
      </h1>
      <p
        className="text-lg font-light leading-relaxed mt-0 mb-4 text-gray-300"
      >
        Test bio
      </p>
      <ul />
      <button
        aria-hidden="true"
        className={null}
        onClick={[Function]}
        style={
          Object {
            "MozAppearance": "none",
            "WebkitAppearance": "none",
            "appearance": "none",
            "backgroundColor": "transparent",
            "border": "none",
            "cursor": "pointer",
            "height": "37.599999999999994px",
            "overflow": "hidden",
            "padding": 0,
            "width": "80px",
          }
        }
      >
        <div
          style={
            Object {
              "alignItems": "center",
              "display": "flex",
              "height": "132px",
              "justifyContent": "center",
              "marginLeft": "-25.6px",
              "marginTop": "-47.599999999999994px",
              "width": "132px",
            }
          }
        >
          <div
            aria-label="animation"
            role="button"
            style={
              Object {
                "height": "100%",
                "margin": "0 auto",
                "outline": "none",
                "overflow": "hidden",
                "width": "100%",
              }
            }
            tabIndex={0}
            title=""
          />
        </div>
      </button>
      <nav
        style={
          Object {
            "marginTop": "-50px",
          }
        }
      >
        <ul>
          <li
            className="text-gray-300"
          >
            -
             
            <a
              className="hover:underline font-light leading-snug mr-2"
              href="/test/1/"
            >
              Test label 1
            </a>
          </li>
          <li
            className="text-gray-300"
          >
            -
             
            <a
              className="hover:underline font-light leading-snug mr-2"
              href="/test/2/"
            >
              Test label 2
            </a>
          </li>
          <li
            className="text-gray-300"
          >
            -
             
            <a
              className="hover:underline font-light leading-snug mr-2"
              href="/test/3/"
            >
              Test label 3
            </a>
          </li>
        </ul>
      </nav>
    </div>
    <div
      className="w-full md:w-4/12 px-4 mr-auto ml-auto mt-32 relative hidden md:block"
    >
      <div
        className="bg-gray-800 absolute -top-225-px -right-225-px rounded-full opacity-80 hidden md:block gatsby-image-wrapper"
        style={
          Object {
            "display": "inline-block",
            "height": 200,
            "overflow": "hidden",
            "position": "relative",
            "width": 500,
          }
        }
      >
        <picture>
          <source
            media="(min-width: 800px)"
            srcSet="test"
          />
          <source
            srcSet="test"
          />
          <img
            alt=""
            aria-hidden={true}
            src="test"
            style={
              Object {
                "height": "100%",
                "left": 0,
                "objectFit": "cover",
                "objectPosition": "center",
                "opacity": 1,
                "position": "absolute",
                "top": 0,
                "transitionDelay": "500ms",
                "width": "100%",
              }
            }
          />
        </picture>
        <picture>
          <source
            media="(min-width: 800px)"
            srcSet="photo1.jpg"
          />
          <source
            srcSet="photo.jpg"
          />
          <img
            alt=""
            height={200}
            loading="lazy"
            onLoad={[Function]}
            src="photo.jpg"
            srcSet="photo.jpg"
            style={
              Object {
                "height": "100%",
                "left": 0,
                "objectFit": "cover",
                "objectPosition": "center",
                "opacity": 0,
                "position": "absolute",
                "top": 0,
                "transition": "opacity 500ms",
                "width": "100%",
              }
            }
            width={500}
          />
        </picture>
        <noscript
          dangerouslySetInnerHTML={
            Object {
              "__html": "<picture><source media=\\"(min-width: 800px)\\" srcset=\\"photo1.jpg\\" /><source srcset=\\"photo.jpg\\" /><img loading=\\"lazy\\" width=\\"500\\" height=\\"200\\" srcset=\\"photo.jpg\\" src=\\"photo.jpg\\" alt=\\"\\" style=\\"position:absolute;top:0;left:0;opacity:1;width:100%;height:100%;object-fit:cover;object-position:center\\"/></picture>",
            }
          }
        />
      </div>
    </div>
  </div>
</section>
`;
