// Jest Snapshot v1, https://goo.gl/fbAQLP

exports[`All Blogs Template render correctly 1`] = `
<div
  className="py-10 sm:px-10 bg-gray-700 text-gray-300 dark:bg-gray-900 m-0 min-h-screen overflow-x-hidden"
>
  <div
    className="max-w-6xl xl:w-10/12  m-auto"
  >
    <div
      className="md:flex"
    >
      <aside
        className="w-full md:w-5/12 px-10 pb-10 relative"
      >
        <div
          className="sidebar lg:fixed"
        >
          <div
            className="mb-4"
          >
            <a
              href="/"
            >
              <img
                alt="Test name"
                className="rounded transform hover:scale-105"
                height="85"
                src="/test.jpg"
                width="85"
              />
            </a>
            <div />
            <h2
              className="text-2xl mb-2 leading-normal font-semibold text-white"
            >
              <a
                className=""
                data-testid="author"
                href="/"
              >
                Test name
              </a>
            </h2>
            <p
              className="text-sm font-light leading-relaxed mt-0 mb-4 text-gray-300"
            >
              Test bio
            </p>
          </div>
          <div
            className=""
          >
            <ul />
            <button
              aria-hidden="true"
              className={null}
              onClick={[Function]}
              style={
                Object {
                  "MozAppearance": "none",
                  "WebkitAppearance": "none",
                  "appearance": "none",
                  "backgroundColor": "transparent",
                  "border": "none",
                  "cursor": "pointer",
                  "height": "37.599999999999994px",
                  "overflow": "hidden",
                  "padding": 0,
                  "width": "80px",
                }
              }
            >
              <div
                style={
                  Object {
                    "alignItems": "center",
                    "display": "flex",
                    "height": "132px",
                    "justifyContent": "center",
                    "marginLeft": "-25.6px",
                    "marginTop": "-47.599999999999994px",
                    "width": "132px",
                  }
                }
              >
                <div
                  aria-label="animation"
                  role="button"
                  style={
                    Object {
                      "height": "100%",
                      "margin": "0 auto",
                      "outline": "none",
                      "overflow": "hidden",
                      "width": "100%",
                    }
                  }
                  tabIndex={0}
                  title=""
                />
              </div>
            </button>
            <nav
              style={
                Object {
                  "marginTop": "-50px",
                }
              }
            >
              <ul>
                <li
                  className="text-gray-300"
                >
                  -
                   
                  <a
                    className="hover:underline font-light leading-snug mr-2"
                    href="/test/1/"
                  >
                    Test label 1
                  </a>
                </li>
                <li
                  className="text-gray-300"
                >
                  -
                   
                  <a
                    className="hover:underline font-light leading-snug mr-2"
                    href="/test/2/"
                  >
                    Test label 2
                  </a>
                </li>
                <li
                  className="text-gray-300"
                >
                  -
                   
                  <a
                    className="hover:underline font-light leading-snug mr-2"
                    href="/test/3/"
                  >
                    Test label 3
                  </a>
                </li>
              </ul>
            </nav>
          </div>
        </div>
      </aside>
      <main
        className="px-10 layout-body w-full md:w-7/12"
      >
        <header>
          <h1
            className="md:text-5xl text-3xl md:mt-0 mt-8 mb-8"
          >
            Blogs
          </h1>
        </header>
        <div
          className="feed"
        >
          <article
            className="feed-item"
          >
            <div
              className="feed-meta mb-5"
            >
              <h2
                className="feed-title"
              >
                <a
                  className="feed-link"
                  href="test-slug"
                >
                  test
                </a>
              </h2>
              <time
                className="feed-time"
                dateTime="test-date"
              >
                test-date
              </time>
            </div>
            <section>
              <p
                className="feed-description"
              >
                test desc
              </p>
            </section>
          </article>
        </div>
      </main>
    </div>
  </div>
</div>
`;
