// Jest Snapshot v1, https://goo.gl/fbAQLP

exports[`Menu render correctly 1`] = `
<nav
  style={
    Object {
      "marginTop": "-50px",
    }
  }
>
  <ul>
    <li
      className="text-gray-300"
    >
      -
       
      <a
        className="hover:underline font-light leading-snug mr-2"
        href="/#0/"
      >
        Item 0
      </a>
    </li>
    <li
      className="text-gray-300"
    >
      -
       
      <a
        className="hover:underline font-light leading-snug mr-2"
        href="/#1/"
      >
        Item 1
      </a>
    </li>
  </ul>
</nav>
`;
