// Jest Snapshot v1, https://goo.gl/fbAQLP

exports[`Header render correctly 1`] = `
<nav
  className="mb-5 flex items-center justify-between"
>
  <h3
    data-testid="blog-nav"
  >
    <a
      href="/blogs"
    >
      test
      's blog
    </a>
  </h3>
  <button
    aria-hidden="true"
    className={null}
    onClick={[Function]}
    style={
      Object {
        "MozAppearance": "none",
        "WebkitAppearance": "none",
        "appearance": "none",
        "backgroundColor": "transparent",
        "border": "none",
        "cursor": "pointer",
        "height": "37.599999999999994px",
        "overflow": "hidden",
        "padding": 0,
        "width": "80px",
      }
    }
  >
    <div
      style={
        Object {
          "alignItems": "center",
          "display": "flex",
          "height": "132px",
          "justifyContent": "center",
          "marginLeft": "-25.6px",
          "marginTop": "-47.599999999999994px",
          "width": "132px",
        }
      }
    >
      <div
        aria-label="animation"
        role="button"
        style={
          Object {
            "height": "100%",
            "margin": "0 auto",
            "outline": "none",
            "overflow": "hidden",
            "width": "100%",
          }
        }
        tabIndex={0}
        title=""
      />
    </div>
  </button>
</nav>
`;
